// Jest Snapshot v1, https://goo.gl/fbAQLP

exports[`Navigation Component loads and displays navigation arrows 1`] = `[Function]`;
